MPLINK 4.49, Linker
Linker Map File - Created Wed Jul 22 17:24:14 2015

                                 Section Info
                  Section       Type    Address   Location Size(Bytes)
                ---------  ---------  ---------  ---------  ---------
                   .org_0       code   0x000000    program   0x000000
                   .org_1       code   0x000000    program   0x000070
      .config_2007_P1_2.O       code   0x002007    program   0x000002



                              Program Memory Usage 
                               Start         End      
                           ---------   ---------      
                            0x000000    0x000037      
                            0x002007    0x002007      
            57 out of 1094 program addresses used, program memory utilization is 5%



                              Symbols - Sorted by Name
                     Name    Address   Location    Storage File                     
                ---------  ---------  ---------  --------- ---------                
                    DELAY   0x00002b    program     static D:\DIY\DIY-PR1A-PIC16F84A\Source Code PR1\P1_2.asm
                    GREEN   0x000019    program     static D:\DIY\DIY-PR1A-PIC16F84A\Source Code PR1\P1_2.asm
                      RED   0x000010    program     static D:\DIY\DIY-PR1A-PIC16F84A\Source Code PR1\P1_2.asm
                    START   0x000009    program     static D:\DIY\DIY-PR1A-PIC16F84A\Source Code PR1\P1_2.asm
                   YELLOW   0x000022    program     static D:\DIY\DIY-PR1A-PIC16F84A\Source Code PR1\P1_2.asm
                     main   0x000001    program     static D:\DIY\DIY-PR1A-PIC16F84A\Source Code PR1\P1_2.asm



                              Symbols - Sorted by Address
                     Name    Address   Location    Storage File                     
                ---------  ---------  ---------  --------- ---------                
                     main   0x000001    program     static D:\DIY\DIY-PR1A-PIC16F84A\Source Code PR1\P1_2.asm
                    START   0x000009    program     static D:\DIY\DIY-PR1A-PIC16F84A\Source Code PR1\P1_2.asm
                      RED   0x000010    program     static D:\DIY\DIY-PR1A-PIC16F84A\Source Code PR1\P1_2.asm
                    GREEN   0x000019    program     static D:\DIY\DIY-PR1A-PIC16F84A\Source Code PR1\P1_2.asm
                   YELLOW   0x000022    program     static D:\DIY\DIY-PR1A-PIC16F84A\Source Code PR1\P1_2.asm
                    DELAY   0x00002b    program     static D:\DIY\DIY-PR1A-PIC16F84A\Source Code PR1\P1_2.asm


