MPLINK 4.49, Linker
Linker Map File - Created Wed Jul 22 17:25:07 2015

                                 Section Info
                  Section       Type    Address   Location Size(Bytes)
                ---------  ---------  ---------  ---------  ---------
                   .org_0       code   0x000000    program   0x000000
                   .org_1       code   0x000000    program   0x00007e
      .config_2007_P1_3.O       code   0x002007    program   0x000002



                              Program Memory Usage 
                               Start         End      
                           ---------   ---------      
                            0x000000    0x00003e      
                            0x002007    0x002007      
            64 out of 1094 program addresses used, program memory utilization is 5%



                              Symbols - Sorted by Name
                     Name    Address   Location    Storage File                     
                ---------  ---------  ---------  --------- ---------                
                    DELAY   0x000032    program     static D:\DIY\DIY-PR1A-PIC16F84A\Source Code PR1\P1_3.asm
                      ONE   0x00000f    program     static D:\DIY\DIY-PR1A-PIC16F84A\Source Code PR1\P1_3.asm
                    START   0x000008    program     static D:\DIY\DIY-PR1A-PIC16F84A\Source Code PR1\P1_3.asm
                    THREE   0x000027    program     static D:\DIY\DIY-PR1A-PIC16F84A\Source Code PR1\P1_3.asm
                      TWO   0x00001d    program     static D:\DIY\DIY-PR1A-PIC16F84A\Source Code PR1\P1_3.asm
                     main   0x000001    program     static D:\DIY\DIY-PR1A-PIC16F84A\Source Code PR1\P1_3.asm



                              Symbols - Sorted by Address
                     Name    Address   Location    Storage File                     
                ---------  ---------  ---------  --------- ---------                
                     main   0x000001    program     static D:\DIY\DIY-PR1A-PIC16F84A\Source Code PR1\P1_3.asm
                    START   0x000008    program     static D:\DIY\DIY-PR1A-PIC16F84A\Source Code PR1\P1_3.asm
                      ONE   0x00000f    program     static D:\DIY\DIY-PR1A-PIC16F84A\Source Code PR1\P1_3.asm
                      TWO   0x00001d    program     static D:\DIY\DIY-PR1A-PIC16F84A\Source Code PR1\P1_3.asm
                    THREE   0x000027    program     static D:\DIY\DIY-PR1A-PIC16F84A\Source Code PR1\P1_3.asm
                    DELAY   0x000032    program     static D:\DIY\DIY-PR1A-PIC16F84A\Source Code PR1\P1_3.asm


