MPASM  5.51                          P1_3.ASM   7-22-2015  17:25:05         PAGE  1


LOC  OBJECT CODE     LINE SOURCE TEXT
  VALUE

                      00001 ;===============================================================================================
                      00002 ;
                      00003 ;       Author                                  : Cytron Technologies
                      00004 ;   Project                                     : DIY Project
                      00005 ;       Project Descrription    : PR1 (LED Blinking)
                      00006 ;       Date                                    : 25 May 2009
                      00007 ;
                      00008 ;===============================================================================================
                      00009 
                      00010 
                      00011 ;===============================================================================================
                      00012 ;       Project Description
                      00013 ;===============================================================================================
                      00014 ;   This file is a basic code template for assembly code generation   
                      00015 ;   on the PICmicro PIC16F84A. This file contains the basic code      
                      00016 ;   building blocks to build upon.                                      
                      00017 ;                                                                     
                      00018 ;   If interrupts are not used all code presented between the ORG     
                      00019 ;   0x004 directive and the label main can be removed. In addition    
                      00020 ;   the variable assignments for 'w_temp' and 'status_temp' can       
                      00021 ;   be removed.                                                                              
                      00022 ;                                                                     
                      00023 ;   Refer to the MPASM User's Guide for additional information on     
                      00024 ;   features of the assembler (Document DS33014).                     
                      00025 ;                                                                     
                      00026 ;   Refer to the respective PICmicro data sheet for additional        
                      00027 ;   information on the instruction set.                               
                      00028 ;                                                                     
                      00029 ;   Template file assembled with MPLAB V8.30.00 and MPASM V5.30.01.   
                      00030 ;                                                                    
                      00031 ;==============================================================================================
                      00032                                                                      
                      00033                                                                                                         
                                                                                                   
                      00034 ;==============================================================================================
                      00035 ;                                                                     
                      00036 ;    Files required:                                                  
                      00037 ;                                                                     
                      00038 ;==============================================================================================         
                                                                                                                            
                      00039 ;                                                                     
                      00040 ;    Notes:                                                           
                      00041 ;     1. For beginner, the parts that you need to edit are: BANK, TRIS, PORT, DELAY                     
                                                                        
                      00042 ;     2. All the general I/O pin only can use as input or output with the prior setting at TRIS.        
                                                                                     
                      00043 ;     3. Let say in this case, we use pin 1,2 and 3 (RA2, RA3, RA4) as input and pin 10,11,12 (RB4, RB5,
                             RB6) as output. So, we must 
                      00044 ;        set TRISA,2 TRISA,3 TRISA,4 to '1' and TRISB,4 TRISB,5 TRISB,6 to '0'(in assembly, set '1' we u
                            se BSF, set '0' we use BCF
                      00045 ;        which we can write in this way: 
                      00046 ;                                                                                BSF    TRISA,2         
                                                                         
MPASM  5.51                          P1_3.ASM   7-22-2015  17:25:05         PAGE  2


LOC  OBJECT CODE     LINE SOURCE TEXT
  VALUE

                      00047 ;                                        BSF    TRISA,3
                      00048 ;                                                                            BSF        TRISA,4  
                      00049 ;
                      00050 ;                                                                                BCF    TRISB,4
                      00051 ;                                                                                BCF    TRISB,5
                      00052 ;                                                                                BCF    TRISB,6
                      00053 ;
                      00054 ;     4. But, pls remember that before you can change TRISA, you need to switch from BANK0 to BANK1, the
                            n switch back to BANK0 after
                      00055 ;        setting the TRISA.BANK0 is used to control the actual operation of the PIC.For example to tell 
                            the PIC which bits of Port 
                      00056 ;        are input and which are output.BANK1 is used to manipulated the data. 
                      00057 ;     5. Bare in mind that in programming, we read the input; and write the output. 
                      00058 ;     6. In assembly, to read we use BTFSC or BTFSS; while to write we use MOVLW, MOVWF, CLF, BSF or BCF
                            . (and other type of 
                      00059 ;        insrtuction that you can refer to PIC datasheet)   
                      00060 ;     7. DELAY is a kind of method that we used to use it to delay our PIC for some operation.
                      00061 ;         8. We already prepare the DELAY subroutine, you just CALL DELAY when you need it.
                      00062 ;     9. You also can change the delay time by changing the value in DELAY subroutine. (the maximum valu
                            e is 255)          
                      00063 ;
                      00064 ;=============================================================================================
                      00065 
                      00066 
                      00067         list      p=16F84A            ; list directive to define processor
                      00068         #include <p16F84A.inc>        ; processor specific variable definitions
                      00001         LIST
                      00002 
                      00003 ;==========================================================================
                      00004 ;  MPASM PIC16F84A processor include
                      00005 ; 
                      00006 ;  (c) Copyright 1999-2013 Microchip Technology, All rights reserved
                      00007 ;==========================================================================
                      00008 
                      00208         LIST
                      00069 
2007   3FF2           00070         __CONFIG   0X3FF2
                      00071 
                      00072 ; '__CONFIG' directive is used to embed configuration data within .asm file.
                      00073 ; The lables following the directive are located in the respective .inc file.
                      00074 ; See respective data sheet for additional information on configuration word.
                      00075 
                      00076 
                      00077 ;============================================================================================ 
                      00078 ; VARIABLE DEFINITION
                      00079 ;============================================================================================
                      00080 
  00000020            00081 D1                      EQU             0X20    ;FOR DELAY
  00000021            00082 D2                      EQU             0X21    ;FOR DELAY
  00000022            00083 D3                      EQU             0X22    ;FOR DELAY
                      00084 
                      00085 
                      00086 
MPASM  5.51                          P1_3.ASM   7-22-2015  17:25:05         PAGE  3


LOC  OBJECT CODE     LINE SOURCE TEXT
  VALUE

                      00087 ;===========================================================================================
                      00088 ; WRITE YOUR PROGRAM HERE
                      00089 ;===========================================================================================
                      00090         
0000                  00091                 ORG     0x000             ; processor reset vector
0000   2801           00092                 goto    main              ; go to beginning of program
                      00093 
0001                  00094 main
                      00095 
                      00096 ; initialize of your PIC, setting the general I/O in TRIS               
                      00097 
0001   1683           00098                 BSF             STATUS,5                                ;SWITCH TO BANK1 ;BIT 5 OF STATU
                            S REGISTER IS SET TO 1
Message[302]: Register in operand not in bank 0.  Ensure that bank bits are correct.
0002   0186           00099                 CLRF    TRISB                                   ;SET PORTB AS OUTPUT
Message[302]: Register in operand not in bank 0.  Ensure that bank bits are correct.
0003   1505           00100                 BSF             TRISA,2                                 ;SET RA2 AS INPUT ;RA2=1
Message[302]: Register in operand not in bank 0.  Ensure that bank bits are correct.
0004   1585           00101                 BSF             TRISA,3                                 ;SET RA3 AS INPUT ;RA3=1
Message[302]: Register in operand not in bank 0.  Ensure that bank bits are correct.
0005   1605           00102                 BSF             TRISA,4                                 ;SET RA4 AS INPUT ;RA4=1
0006   1283           00103                 BCF             STATUS,5                                ;SWITCH TO BANK0 ;BIT 5 OF STATU
                            S REGISTER IS SET TO 0
                      00104 
0007   0186           00105                 CLRF    PORTB                                   ;SET ALL 8 PIN IN PORTB TO LOW(0)
                      00106 
                      00107 ;the main program begin here
                      00108 
0008                  00109 START
                      00110 
0008   1D05           00111                 BTFSS           PORTA,2                         ;check signal at pushbutton1, if press t
                            hen goto following line, else skip the following line
0009   280F           00112                 GOTO            ONE                                     ;button1 pressed, program execut
                            e the operation in subroutine ONE       
000A   1D85           00113                 BTFSS           PORTA,3                         ;check signal at pushbutton2, if press t
                            hen goto following line, else skip the following line
000B   201D           00114                 CALL            TWO                                     ;button2 pressed, program execut
                            e the operation in subroutine TWO
000C   1E05           00115                 BTFSS           PORTA,4                         ;check signal at pushbutton3, if press t
                            hen goto following line, else skip the following line
000D   2027           00116                 CALL            THREE                           ;button3 pressed, program execute the op
                            eration in subroutine THREE
000E   2808           00117                 GOTO            START                           ;no any button being pressed, program ke
                            ep looping to check the pushbuttons' signal 
                      00118 
000F                  00119 ONE     
000F   1706           00120                 BSF                     PORTB,6                         ;RB6 is set to high(1)
0010   2032           00121                 CALL            DELAY                           ;DELAY
0011   1306           00122                 BCF                     PORTB,6                         ;RB6 is set to low(0)
0012   1686           00123                 BSF                     PORTB,5                         ;RB5 is set to high(1)
0013   2032           00124                 CALL            DELAY                           ;DELAY
0014   1286           00125                 BCF                     PORTB,5                         ;RB5 is set to low(0)
0015   1606           00126                 BSF                     PORTB,4                         ;RB4 is set to high(1)
MPASM  5.51                          P1_3.ASM   7-22-2015  17:25:05         PAGE  4


LOC  OBJECT CODE     LINE SOURCE TEXT
  VALUE

0016   2032           00127                 CALL            DELAY                           ;DELAY
0017   1206           00128                 BCF                     PORTB,4                         ;RB4 is set to low(0)
0018   1D85           00129                 BTFSS           PORTA,3             ;check signal at pushbutton2, if press then goto fol
                            lowing line, else skip the following line
0019   281D           00130                 GOTO            TWO                                     ;pushbutton2 pressed, program ex
                            ecute the operation in subroutine TWO
001A   1E05           00131                 BTFSS           PORTA,4                         ;check signal at pushbutton3, if press t
                            hen goto following line, else skip the following line
001B   2827           00132                 GOTO            THREE                           ;pushbutton3 pressed, program execute th
                            e operation in subroutine THREE
001C   280F           00133                 GOTO            ONE                                     ;no any button being pressed, pr
                            ogram keep looping in ONE subroutine
001D                  00134 TWO     
001D   30FF           00135                 MOVLW           B'11111111'
001E   0086           00136                 MOVWF           PORTB                           ;Set all 8 pin in PORTB to high(1)
001F   2032           00137                 CALL            DELAY                           ;DELAY
0020   0186           00138                 CLRF            PORTB                           ;Set all 8 pin in PORTB to low(0)
0021   2032           00139                 CALL            DELAY                           ;DELAY
0022   1E05           00140                 BTFSS           PORTA,4                         ;check signal at pushbutton3, if press t
                            hen goto following line, else skip the following line
0023   2827           00141                 GOTO            THREE                           ;pushbutton3 pressed, program execute th
                            e operation in subroutine THREE
0024   1D05           00142                 BTFSS           PORTA,2                         ;check signal at pushbutton1, if press t
                            hen goto following line, else skip the following line
0025   280F           00143                 GOTO            ONE                                     ;pushbutton1 pressed, program ex
                            ecute the operation in subroutine ONE   
0026   281D           00144                 GOTO            TWO                                     ;no any button being pressed, pr
                            ogram keep looping in TWO subroutine
                      00145                 
0027                  00146 THREE
0027   1706           00147                 BSF                     PORTB,6                         ;RB6 is set to high(1)
0028   1606           00148                 BSF                     PORTB,4                         ;RB4 is set to high(1)
0029   2032           00149                 CALL            DELAY                           ;DELAY
002A   0186           00150                 CLRF            PORTB                           ;Set all 8 pin in PORTB to low(0)
002B   1686           00151                 BSF                     PORTB,5                         ;RB5 is set to high(1)
002C   2032           00152                 CALL            DELAY                           ;DELAY
002D   1D05           00153                 BTFSS           PORTA,2                         ;check signal at pushbutton1, if press t
                            hen goto following line, else skip the following line
002E   280F           00154                 GOTO            ONE                                     ;pushbutton1 pressed, program ex
                            ecute the operation in subroutine ONE   
002F   1D85           00155                 BTFSS           PORTA,3                         ;check signal at pushbutton2, if press t
                            hen goto following line, else skip the following line
0030   281D           00156                 GOTO            TWO                                     ;pushbutton2 pressed, program ex
                            ecute the operation in subroutine TWO
0031   2827           00157                 GOTO            THREE                           ;no any button being pressed, program ke
                            ep looping in THREE subroutine  
                      00158                 
                      00159                 
                      00160                 
                      00161 
                      00162 
                      00163 ;================================================================================================
                      00164 ; DELAY SUBROUTINE
MPASM  5.51                          P1_3.ASM   7-22-2015  17:25:05         PAGE  5


LOC  OBJECT CODE     LINE SOURCE TEXT
  VALUE

                      00165 ;================================================================================================
                      00166 
0032   30C8           00167 DELAY           MOVLW   D'200'                  ;PAUSE FOR ABOUT 76mS (u can change the 200, 150, 1 valu
                            e to obtain different delay timing)
0033   00A2           00168                         MOVWF   D3
0034   3096           00169                         MOVLW   D'150'
0035   00A1           00170                         MOVWF   D2
0036   3001           00171                         MOVLW   D'1'
0037   00A0           00172                         MOVWF   D1
Message[305]: Using default destination of 1 (file).
0038   0BA0           00173                         DECFSZ  D1
0039   2838           00174                         GOTO    $-1
Message[305]: Using default destination of 1 (file).
003A   0BA1           00175                         DECFSZ  D2
003B   2836           00176                         GOTO    $-5
Message[305]: Using default destination of 1 (file).
003C   0BA2           00177                         DECFSZ  D3
003D   2834           00178                         GOTO    $-9
003E   0008           00179                         RETURN
                      00180 
                      00181 
                      00182                 END                     ; directive 'end of program'
MPASM  5.51                          P1_3.ASM   7-22-2015  17:25:05         PAGE  6


SYMBOL TABLE
  LABEL                             VALUE 

C                                 00000000
D1                                00000020
D2                                00000021
D3                                00000022
DC                                00000001
DELAY                             00000032
EEADR                             00000009
EECON1                            00000088
EECON2                            00000089
EEDATA                            00000008
EEIE                              00000006
EEIF                              00000004
F                                 00000001
FSR                               00000004
GIE                               00000007
INDF                              00000000
INTCON                            0000000B
INTE                              00000004
INTEDG                            00000006
INTF                              00000001
IRP                               00000007
NOT_PD                            00000003
NOT_RBPU                          00000007
NOT_TO                            00000004
ONE                               0000000F
OPTION_REG                        00000081
PCL                               00000002
PCLATH                            0000000A
PORTA                             00000005
PORTB                             00000006
PS0                               00000000
PS1                               00000001
PS2                               00000002
PSA                               00000003
RA0                               00000000
RA1                               00000001
RA2                               00000002
RA3                               00000003
RA4                               00000004
RB0                               00000000
RB1                               00000001
RB2                               00000002
RB3                               00000003
RB4                               00000004
RB5                               00000005
RB6                               00000006
RB7                               00000007
RBIE                              00000003
RBIF                              00000000
RD                                00000000
RP0                               00000005
RP1                               00000006
START                             00000008
MPASM  5.51                          P1_3.ASM   7-22-2015  17:25:05         PAGE  7


SYMBOL TABLE
  LABEL                             VALUE 

STATUS                            00000003
T0CS                              00000005
T0IE                              00000005
T0IF                              00000002
T0SE                              00000004
THREE                             00000027
TMR0                              00000001
TMR0IE                            00000005
TMR0IF                            00000002
TRISA                             00000085
TRISA0                            00000000
TRISA1                            00000001
TRISA2                            00000002
TRISA3                            00000003
TRISA4                            00000004
TRISB                             00000086
TRISB0                            00000000
TRISB1                            00000001
TRISB2                            00000002
TRISB3                            00000003
TRISB4                            00000004
TRISB5                            00000005
TRISB6                            00000006
TRISB7                            00000007
TWO                               0000001D
W                                 00000000
WR                                00000001
WREN                              00000002
WRERR                             00000003
Z                                 00000002
_CONFIG                           00002007
_CP_OFF                           00003FFF
_CP_ON                            0000000F
_DEVID1                           00002006
_FOSC_EXTRC                       00003FFF
_FOSC_HS                          00003FFE
_FOSC_LP                          00003FFC
_FOSC_XT                          00003FFD
_HS_OSC                           00003FFE
_IDLOC0                           00002000
_IDLOC1                           00002001
_IDLOC2                           00002002
_IDLOC3                           00002003
_LP_OSC                           00003FFC
_PWRTE_OFF                        00003FFF
_PWRTE_ON                         00003FF7
_RC_OSC                           00003FFF
_WDTE_OFF                         00003FFB
_WDTE_ON                          00003FFF
_WDT_OFF                          00003FFB
_WDT_ON                           00003FFF
_XT_OSC                           00003FFD
__16F84A                          00000001
MPASM  5.51                          P1_3.ASM   7-22-2015  17:25:05         PAGE  8


SYMBOL TABLE
  LABEL                             VALUE 

__DEBUG                           1
main                              00000001


MEMORY USAGE MAP ('X' = Used,  '-' = Unused)

0000 : XXXXXXXXXXXXXXXX XXXXXXXXXXXXXXXX XXXXXXXXXXXXXXXX XXXXXXXXXXXXXXX-
2000 : -------X-------- ---------------- ---------------- ----------------

All other memory blocks unused.

Program Memory Words Used:    63
Program Memory Words Free:   961


Errors   :     0
Warnings :     0 reported,     0 suppressed
Messages :     7 reported,     0 suppressed

